[www.bootstrapget.com/demos/themeforest/unipro-admin-template/demos/03-design-green/index.html]
[www.bootstrapget.com/demos/themeforest/unipro-admin-template/demos/03-design-green/img/fav.png]
[backblue.gif]
[fade.gif]
[index.html]
[www.bootstrapget.com/demos/themeforest/unipro-admin-template/demos/03-design-green/css/bootstrap.min.css]
[www.bootstrapget.com/demos/themeforest/unipro-admin-template/demos/03-design-green/fonts/style.css]
[www.bootstrapget.com/demos/themeforest/unipro-admin-template/demos/03-design-green/vendor/megamenu/css/megamenu.css]
[www.bootstrapget.com/demos/themeforest/unipro-admin-template/demos/03-design-green/css/main.css]
[www.bootstrapget.com/demos/themeforest/unipro-admin-template/demos/03-design-green/vendor/search-filter/search-filter.css]
[www.bootstrapget.com/demos/themeforest/unipro-admin-template/demos/03-design-green/vendor/search-filter/custom-search-filter.css]
[www.bootstrapget.com/demos/themeforest/unipro-admin-template/demos/03-design-green/img/logo.svg]
[www.bootstrapget.com/demos/themeforest/unipro-admin-template/demos/03-design-green/analytics.html]
[www.bootstrapget.com/demos/themeforest/unipro-admin-template/demos/03-design-green/sales.html]
[www.bootstrapget.com/demos/themeforest/unipro-admin-template/demos/03-design-green/crm.html]
[www.bootstrapget.com/demos/themeforest/unipro-admin-template/demos/03-design-green/reports.html]
[www.bootstrapget.com/demos/themeforest/unipro-admin-template/demos/03-design-green/saas.html]
[www.bootstrapget.com/demos/themeforest/unipro-admin-template/demos/03-design-green/consulting.html]
[www.bootstrapget.com/demos/themeforest/unipro-admin-template/demos/03-design-green/profile.html]
[www.bootstrapget.com/demos/themeforest/unipro-admin-template/demos/03-design-green/starter-page.html]
[www.bootstrapget.com/demos/themeforest/unipro-admin-template/demos/03-design-green/layout-tabs-tooltip.html]
[www.bootstrapget.com/demos/themeforest/unipro-admin-template/demos/03-design-green/layout-tile-menu.html]
[www.bootstrapget.com/demos/themeforest/unipro-admin-template/demos/03-design-green/layout-collapse-menu.html]
[www.bootstrapget.com/demos/themeforest/unipro-admin-template/demos/03-design-green/layout-compact-menu.html]
[www.bootstrapget.com/demos/themeforest/unipro-admin-template/demos/03-design-green/layout-slim-menu.html]
[www.bootstrapget.com/demos/themeforest/unipro-admin-template/demos/03-design-green/layout-hover-tabs.html]
[www.bootstrapget.com/demos/themeforest/unipro-admin-template/demos/03-design-green/layout-daterange.html]
[www.bootstrapget.com/demos/themeforest/unipro-admin-template/demos/03-design-green/layout-full-screen.html]
[www.bootstrapget.com/demos/themeforest/unipro-admin-template/demos/03-design-green/layout-full-view.html]
[www.bootstrapget.com/demos/themeforest/unipro-admin-template/demos/03-design-green/layout-search.html]
[www.bootstrapget.com/demos/themeforest/unipro-admin-template/demos/03-design-green/layout-megamenu.html]
[www.bootstrapget.com/demos/themeforest/unipro-admin-template/demos/03-design-green/layout-bradcrumb.html]
[www.bootstrapget.com/demos/themeforest/unipro-admin-template/demos/03-design-green/layout-scroll-cards.html]
[www.bootstrapget.com/demos/themeforest/unipro-admin-template/demos/03-design-green/orders.html]
[www.bootstrapget.com/demos/themeforest/unipro-admin-template/demos/03-design-green/invoices-list.html]
[www.bootstrapget.com/demos/themeforest/unipro-admin-template/demos/03-design-green/products.html]
[www.bootstrapget.com/demos/themeforest/unipro-admin-template/demos/03-design-green/products-list.html]
[www.bootstrapget.com/demos/themeforest/unipro-admin-template/demos/03-design-green/add-product.html]
[www.bootstrapget.com/demos/themeforest/unipro-admin-template/demos/03-design-green/customers-list.html]
[www.bootstrapget.com/demos/themeforest/unipro-admin-template/demos/03-design-green/products-reviews.html]
[www.bootstrapget.com/demos/themeforest/unipro-admin-template/demos/03-design-green/calendar-daygrid-view.html]
[www.bootstrapget.com/demos/themeforest/unipro-admin-template/demos/03-design-green/calendar-list-view.html]
[www.bootstrapget.com/demos/themeforest/unipro-admin-template/demos/03-design-green/calendar-external-dragging.html]
[www.bootstrapget.com/demos/themeforest/unipro-admin-template/demos/03-design-green/calendar-google-view.html]
[www.bootstrapget.com/demos/themeforest/unipro-admin-template/demos/03-design-green/calendar-selectable.html]
[www.bootstrapget.com/demos/themeforest/unipro-admin-template/demos/03-design-green/chat.html]
[www.bootstrapget.com/demos/themeforest/unipro-admin-template/demos/03-design-green/tasks.html]
[www.bootstrapget.com/demos/themeforest/unipro-admin-template/demos/03-design-green/create-invoice.html]
[www.bootstrapget.com/demos/themeforest/unipro-admin-template/demos/03-design-green/view-invoice.html]
[www.bootstrapget.com/demos/themeforest/unipro-admin-template/demos/03-design-green/documents.html]
[www.bootstrapget.com/demos/themeforest/unipro-admin-template/demos/03-design-green/faq.html]
[www.bootstrapget.com/demos/themeforest/unipro-admin-template/demos/03-design-green/contacts.html]
[www.bootstrapget.com/demos/themeforest/unipro-admin-template/demos/03-design-green/pricing.html]
[www.bootstrapget.com/demos/themeforest/unipro-admin-template/demos/03-design-green/gallery-tiles.html]
[www.bootstrapget.com/demos/themeforest/unipro-admin-template/demos/03-design-green/gallery.html]
[www.bootstrapget.com/demos/themeforest/unipro-admin-template/demos/03-design-green/icons.html]
[www.bootstrapget.com/demos/themeforest/unipro-admin-template/demos/03-design-green/timeline.html]
[www.bootstrapget.com/demos/themeforest/unipro-admin-template/demos/03-design-green/search-results.html]
[www.bootstrapget.com/demos/themeforest/unipro-admin-template/demos/03-design-green/account-settings.html]
[www.bootstrapget.com/demos/themeforest/unipro-admin-template/demos/03-design-green/user-profile.html]
[www.bootstrapget.com/demos/themeforest/unipro-admin-template/demos/03-design-green/forms-layout-one.html]
[www.bootstrapget.com/demos/themeforest/unipro-admin-template/demos/03-design-green/forms-layout-two.html]
[www.bootstrapget.com/demos/themeforest/unipro-admin-template/demos/03-design-green/forms-layout-three.html]
[www.bootstrapget.com/demos/themeforest/unipro-admin-template/demos/03-design-green/forms-layout-four.html]
[www.bootstrapget.com/demos/themeforest/unipro-admin-template/demos/03-design-green/forms-layout-five.html]
[www.bootstrapget.com/demos/themeforest/unipro-admin-template/demos/03-design-green/forms-layout-six.html]
[www.bootstrapget.com/demos/themeforest/unipro-admin-template/demos/03-design-green/forms-inputs.html]
[www.bootstrapget.com/demos/themeforest/unipro-admin-template/demos/03-design-green/forms-input-groups.html]
[www.bootstrapget.com/demos/themeforest/unipro-admin-template/demos/03-design-green/data-tables.html]
[www.bootstrapget.com/demos/themeforest/unipro-admin-template/demos/03-design-green/index.html]
[www.bootstrapget.com/demos/themeforest/unipro-admin-template/demos/03-design-green/css/bootstrap.min.css]
[www.bootstrapget.com/demos/themeforest/unipro-admin-template/demos/03-design-green/fonts/style.css]
[www.bootstrapget.com/demos/themeforest/unipro-admin-template/demos/03-design-green/css/main.css]
[www.bootstrapget.com/demos/themeforest/unipro-admin-template/demos/03-design-green/vendor/megamenu/css/megamenu.css]
[www.bootstrapget.com/demos/themeforest/unipro-admin-template/demos/03-design-green/vendor/search-filter/search-filter.css]
[www.bootstrapget.com/demos/themeforest/unipro-admin-template/demos/03-design-green/vendor/search-filter/custom-search-filter.css]
[www.bootstrapget.com/demos/themeforest/unipro-admin-template/demos/03-design-green/img/logo.svg]
[www.bootstrapget.com/demos/themeforest/unipro-admin-template/demos/03-design-green/analytics.html]
[www.bootstrapget.com/demos/themeforest/unipro-admin-template/demos/03-design-green/img/products/clock.jpg]
[www.bootstrapget.com/demos/themeforest/unipro-admin-template/demos/03-design-green/sales.html]
[www.bootstrapget.com/demos/themeforest/unipro-admin-template/demos/03-design-green/crm.html]
[www.bootstrapget.com/demos/themeforest/unipro-admin-template/demos/03-design-green/reports.html]
[www.bootstrapget.com/demos/themeforest/unipro-admin-template/demos/03-design-green/saas.html]
[www.bootstrapget.com/demos/themeforest/unipro-admin-template/demos/03-design-green/consulting.html]
[www.bootstrapget.com/demos/themeforest/unipro-admin-template/demos/03-design-green/profile.html]
[www.bootstrapget.com/demos/themeforest/unipro-admin-template/demos/03-design-green/starter-page.html]
[www.bootstrapget.com/demos/themeforest/unipro-admin-template/demos/03-design-green/layout-tabs-tooltip.html]
[www.bootstrapget.com/demos/themeforest/unipro-admin-template/demos/03-design-green/layout-tile-menu.html]
[www.bootstrapget.com/demos/themeforest/unipro-admin-template/demos/03-design-green/layout-collapse-menu.html]
[www.bootstrapget.com/demos/themeforest/unipro-admin-template/demos/03-design-green/layout-compact-menu.html]
[www.bootstrapget.com/demos/themeforest/unipro-admin-template/demos/03-design-green/layout-slim-menu.html]
[www.bootstrapget.com/demos/themeforest/unipro-admin-template/demos/03-design-green/layout-hover-tabs.html]
[www.bootstrapget.com/demos/themeforest/unipro-admin-template/demos/03-design-green/layout-daterange.html]
[www.bootstrapget.com/demos/themeforest/unipro-admin-template/demos/03-design-green/layout-full-screen.html]
[www.bootstrapget.com/demos/themeforest/unipro-admin-template/demos/03-design-green/layout-full-view.html]
[www.bootstrapget.com/demos/themeforest/unipro-admin-template/demos/03-design-green/layout-search.html]
[www.bootstrapget.com/demos/themeforest/unipro-admin-template/demos/03-design-green/layout-megamenu.html]
[www.bootstrapget.com/demos/themeforest/unipro-admin-template/demos/03-design-green/layout-bradcrumb.html]
[www.bootstrapget.com/demos/themeforest/unipro-admin-template/demos/03-design-green/layout-scroll-cards.html]
[www.bootstrapget.com/demos/themeforest/unipro-admin-template/demos/03-design-green/orders.html]
[www.bootstrapget.com/demos/themeforest/unipro-admin-template/demos/03-design-green/invoices-list.html]
[www.bootstrapget.com/demos/themeforest/unipro-admin-template/demos/03-design-green/img/products/drone.jpg]
[www.bootstrapget.com/demos/themeforest/unipro-admin-template/demos/03-design-green/products.html]
[www.bootstrapget.com/demos/themeforest/unipro-admin-template/demos/03-design-green/products-list.html]
[www.bootstrapget.com/demos/themeforest/unipro-admin-template/demos/03-design-green/add-product.html]
[www.bootstrapget.com/demos/themeforest/unipro-admin-template/demos/03-design-green/img/flags/1x1/ni.svg]
[www.bootstrapget.com/demos/themeforest/unipro-admin-template/demos/03-design-green/img/flags/1x1/za.svg]
[www.bootstrapget.com/demos/themeforest/unipro-admin-template/demos/03-design-green/img/flags/1x1/eu.svg]
[www.bootstrapget.com/demos/themeforest/unipro-admin-template/demos/03-design-green/img/flags/1x1/bv.svg]
[www.bootstrapget.com/demos/themeforest/unipro-admin-template/demos/03-design-green/img/flags/1x1/se.svg]
[www.bootstrapget.com/demos/themeforest/unipro-admin-template/demos/03-design-green/img/flags/1x1/hn.svg]
[www.bootstrapget.com/demos/themeforest/unipro-admin-template/demos/03-design-green/img/flags/1x1/cw.svg]
[www.bootstrapget.com/demos/themeforest/unipro-admin-template/demos/03-design-green/customers-list.html]
[www.bootstrapget.com/demos/themeforest/unipro-admin-template/demos/03-design-green/products-reviews.html]
[www.bootstrapget.com/demos/themeforest/unipro-admin-template/demos/03-design-green/calendar-daygrid-view.html]
[www.bootstrapget.com/demos/themeforest/unipro-admin-template/demos/03-design-green/calendar-list-view.html]
[www.bootstrapget.com/demos/themeforest/unipro-admin-template/demos/03-design-green/calendar-external-dragging.html]
[www.bootstrapget.com/demos/themeforest/unipro-admin-template/demos/03-design-green/calendar-google-view.html]
[www.bootstrapget.com/demos/themeforest/unipro-admin-template/demos/03-design-green/calendar-selectable.html]
[www.bootstrapget.com/demos/themeforest/unipro-admin-template/demos/03-design-green/chat.html]
[www.bootstrapget.com/demos/themeforest/unipro-admin-template/demos/03-design-green/tasks.html]
[www.bootstrapget.com/demos/themeforest/unipro-admin-template/demos/03-design-green/create-invoice.html]
[www.bootstrapget.com/demos/themeforest/unipro-admin-template/demos/03-design-green/view-invoice.html]
[www.bootstrapget.com/demos/themeforest/unipro-admin-template/demos/03-design-green/documents.html]
[www.bootstrapget.com/demos/themeforest/unipro-admin-template/demos/03-design-green/faq.html]
[www.bootstrapget.com/demos/themeforest/unipro-admin-template/demos/03-design-green/contacts.html]
[www.bootstrapget.com/demos/themeforest/unipro-admin-template/demos/03-design-green/pricing.html]
[www.bootstrapget.com/demos/themeforest/unipro-admin-template/demos/03-design-green/gallery-tiles.html]
[www.bootstrapget.com/demos/themeforest/unipro-admin-template/demos/03-design-green/gallery.html]
[www.bootstrapget.com/demos/themeforest/unipro-admin-template/demos/03-design-green/icons.html]
[www.bootstrapget.com/demos/themeforest/unipro-admin-template/demos/03-design-green/timeline.html]
[www.bootstrapget.com/demos/themeforest/unipro-admin-template/demos/03-design-green/search-results.html]
[www.bootstrapget.com/demos/themeforest/unipro-admin-template/demos/03-design-green/account-settings.html]
[www.bootstrapget.com/demos/themeforest/unipro-admin-template/demos/03-design-green/user-profile.html]
[www.bootstrapget.com/demos/themeforest/unipro-admin-template/demos/03-design-green/forms-layout-one.html]
[www.bootstrapget.com/demos/themeforest/unipro-admin-template/demos/03-design-green/forms-layout-two.html]
[www.bootstrapget.com/demos/themeforest/unipro-admin-template/demos/03-design-green/forms-layout-three.html]
[www.bootstrapget.com/demos/themeforest/unipro-admin-template/demos/03-design-green/forms-layout-four.html]
[www.bootstrapget.com/demos/themeforest/unipro-admin-template/demos/03-design-green/forms-layout-five.html]
[www.bootstrapget.com/demos/themeforest/unipro-admin-template/demos/03-design-green/forms-layout-six.html]
[www.bootstrapget.com/demos/themeforest/unipro-admin-template/demos/03-design-green/forms-inputs.html]
[www.bootstrapget.com/demos/themeforest/unipro-admin-template/demos/03-design-green/forms-input-groups.html]
[www.bootstrapget.com/demos/themeforest/unipro-admin-template/demos/03-design-green/forms-checkbox-radio.html]
[www.bootstrapget.com/demos/themeforest/unipro-admin-template/demos/03-design-green/forms-validation.html]
[www.bootstrapget.com/demos/themeforest/unipro-admin-template/demos/03-design-green/forms-dropzone.html]
[www.bootstrapget.com/demos/themeforest/unipro-admin-template/demos/03-design-green/forms-bs-select.html]
[www.bootstrapget.com/demos/themeforest/unipro-admin-template/demos/03-design-green/forms-date-time-picker.html]
[www.bootstrapget.com/demos/themeforest/unipro-admin-template/demos/03-design-green/forms-input-mask.html]
[www.bootstrapget.com/demos/themeforest/unipro-admin-template/demos/03-design-green/forms-input-range.html]
[www.bootstrapget.com/demos/themeforest/unipro-admin-template/demos/03-design-green/forms-editor.html]
[www.bootstrapget.com/demos/themeforest/unipro-admin-template/demos/03-design-green/accordions.html]
[www.bootstrapget.com/demos/themeforest/unipro-admin-template/demos/03-design-green/alerts.html]
[www.bootstrapget.com/demos/themeforest/unipro-admin-template/demos/03-design-green/buttons.html]
[www.bootstrapget.com/demos/themeforest/unipro-admin-template/demos/03-design-green/badges.html]
[www.bootstrapget.com/demos/themeforest/unipro-admin-template/demos/03-design-green/cards.html]
[www.bootstrapget.com/demos/themeforest/unipro-admin-template/demos/03-design-green/carousel.html]
[www.bootstrapget.com/demos/themeforest/unipro-admin-template/demos/03-design-green/list-group.html]
[www.bootstrapget.com/demos/themeforest/unipro-admin-template/demos/03-design-green/modals.html]
[www.bootstrapget.com/demos/themeforest/unipro-admin-template/demos/03-design-green/paginations.html]
[www.bootstrapget.com/demos/themeforest/unipro-admin-template/demos/03-design-green/popovers.html]
[www.bootstrapget.com/demos/themeforest/unipro-admin-template/demos/03-design-green/progress.html]
[www.bootstrapget.com/demos/themeforest/unipro-admin-template/demos/03-design-green/spinners.html]
[www.bootstrapget.com/demos/themeforest/unipro-admin-template/demos/03-design-green/tabs.html]
[www.bootstrapget.com/demos/themeforest/unipro-admin-template/demos/03-design-green/toasts.html]
[www.bootstrapget.com/demos/themeforest/unipro-admin-template/demos/03-design-green/tooltips.html]
[www.bootstrapget.com/demos/themeforest/unipro-admin-template/demos/03-design-green/apex-graphs.html]
[www.bootstrapget.com/demos/themeforest/unipro-admin-template/demos/03-design-green/morris-graphs.html]
[www.bootstrapget.com/demos/themeforest/unipro-admin-template/demos/03-design-green/vector-maps.html]
[www.bootstrapget.com/demos/themeforest/unipro-admin-template/demos/03-design-green/bootstrap-tables.html]
[www.bootstrapget.com/demos/themeforest/unipro-admin-template/demos/03-design-green/custom-tables.html]
[www.bootstrapget.com/demos/themeforest/unipro-admin-template/demos/03-design-green/vendor/datatables/custom/fixedHeader.js]
[www.bootstrapget.com/demos/themeforest/unipro-admin-template/demos/03-design-green/data-tables.html]
[www.bootstrapget.com/demos/themeforest/unipro-admin-template/demos/03-design-green/login.html]
[www.bootstrapget.com/demos/themeforest/unipro-admin-template/demos/03-design-green/signup.html]
[www.bootstrapget.com/demos/themeforest/unipro-admin-template/demos/03-design-green/forgot-password.html]
[www.bootstrapget.com/demos/themeforest/unipro-admin-template/demos/03-design-green/reset-password.html]
[www.bootstrapget.com/demos/themeforest/unipro-admin-template/demos/03-design-green/lock-screen.html]
[www.bootstrapget.com/demos/themeforest/unipro-admin-template/demos/03-design-green/subscribe.html]
[www.bootstrapget.com/demos/themeforest/unipro-admin-template/demos/03-design-green/maintenance.html]
[www.bootstrapget.com/demos/themeforest/unipro-admin-template/demos/03-design-green/error.html]
[www.bootstrapget.com/demos/themeforest/unipro-admin-template/demos/03-design-green/error-option2.html]
[www.bootstrapget.com/demos/themeforest/unipro-admin-template/demos/03-design-green/img/user6.html]
[www.bootstrapget.com/demos/themeforest/unipro-admin-template/demos/03-design-green/img/user10.html]
[www.bootstrapget.com/demos/themeforest/unipro-admin-template/demos/03-design-green/img/user21.html]
[www.bootstrapget.com/demos/themeforest/unipro-admin-template/demos/03-design-green/img/user15.html]
[www.bootstrapget.com/demos/themeforest/unipro-admin-template/demos/03-design-green/img/user5.html]
[www.bootstrapget.com/demos/themeforest/unipro-admin-template/demos/03-design-green/img/user.html]
[www.bootstrapget.com/demos/themeforest/unipro-admin-template/demos/03-design-green/img/products/bag.html]
[www.bootstrapget.com/demos/themeforest/unipro-admin-template/demos/03-design-green/img/products/toy.html]
[www.bootstrapget.com/demos/themeforest/unipro-admin-template/demos/03-design-green/img/products/pencils.html]
[www.bootstrapget.com/demos/themeforest/unipro-admin-template/demos/03-design-green/img/products/camera.html]
[www.bootstrapget.com/demos/themeforest/unipro-admin-template/demos/03-design-green/js/jquery.min.html]
[www.bootstrapget.com/demos/themeforest/unipro-admin-template/demos/03-design-green/js/bootstrap.bundle.min.html]
[www.bootstrapget.com/demos/themeforest/unipro-admin-template/demos/03-design-green/js/modernizr.html]
[www.bootstrapget.com/demos/themeforest/unipro-admin-template/demos/03-design-green/js/moment.html]
[www.bootstrapget.com/demos/themeforest/unipro-admin-template/demos/03-design-green/vendor/megamenu/js/megamenu.html]
[www.bootstrapget.com/demos/themeforest/unipro-admin-template/demos/03-design-green/vendor/megamenu/js/custom.html]
[www.bootstrapget.com/demos/themeforest/unipro-admin-template/demos/03-design-green/vendor/slimscroll/slimscroll.min.html]
[www.bootstrapget.com/demos/themeforest/unipro-admin-template/demos/03-design-green/vendor/slimscroll/custom-scrollbar.html]
[www.bootstrapget.com/demos/themeforest/unipro-admin-template/demos/03-design-green/vendor/search-filter/search-filter.html]
[www.bootstrapget.com/demos/themeforest/unipro-admin-template/demos/03-design-green/vendor/search-filter/custom-search-filter.html]
[www.bootstrapget.com/demos/themeforest/unipro-admin-template/demos/03-design-green/vendor/apex/apexcharts.min.html]
[www.bootstrapget.com/demos/themeforest/unipro-admin-template/demos/03-design-green/vendor/apex/custom/home/salesGraph.html]
[www.bootstrapget.com/demos/themeforest/unipro-admin-template/demos/03-design-green/vendor/apex/custom/home/ordersGraph.html]
[www.bootstrapget.com/demos/themeforest/unipro-admin-template/demos/03-design-green/vendor/apex/custom/home/earningsGraph.html]
[www.bootstrapget.com/demos/themeforest/unipro-admin-template/demos/03-design-green/vendor/apex/custom/home/visitorsGraph.html]
[www.bootstrapget.com/demos/themeforest/unipro-admin-template/demos/03-design-green/vendor/apex/custom/home/customersGraph.html]
[www.bootstrapget.com/demos/themeforest/unipro-admin-template/demos/03-design-green/vendor/apex/custom/home/sparkline.html]
[www.bootstrapget.com/demos/themeforest/unipro-admin-template/demos/03-design-green/vendor/circliful/circliful.min.html]
[www.bootstrapget.com/demos/themeforest/unipro-admin-template/demos/03-design-green/vendor/circliful/circliful.custom.html]
[www.bootstrapget.com/demos/themeforest/unipro-admin-template/demos/03-design-green/js/main.html]
[www.bootstrapget.com/demos/themeforest/unipro-admin-template/demos/03-design-green/fonts/icomoonf33b.html]
[www.bootstrapget.com/demos/themeforest/unipro-admin-template/demos/03-design-green/fonts/icomoonf33b-2.html]
[www.bootstrapget.com/demos/themeforest/unipro-admin-template/demos/03-design-green/fonts/icomoonf33b-3.html]
[www.bootstrapget.com/demos/themeforest/unipro-admin-template/demos/03-design-green/fonts/icomoonf33b-4.html]
[www.bootstrapget.com/demos/themeforest/unipro-admin-template/demos/03-design-green/fonts/open-sans/OpenSans-Light.html]
[www.bootstrapget.com/demos/themeforest/unipro-admin-template/demos/03-design-green/fonts/open-sans/OpenSans-Regular.html]
[www.bootstrapget.com/demos/themeforest/unipro-admin-template/demos/03-design-green/fonts/open-sans/OpenSans-SemiBold.html]
[www.bootstrapget.com/demos/themeforest/unipro-admin-template/demos/03-design-green/fonts/open-sans/OpenSans-Bold.html]
[www.bootstrapget.com/demos/themeforest/unipro-admin-template/demos/03-design-green/fonts/open-sans/OpenSans-ExtraBold.html]
[www.bootstrapget.com/demos/themeforest/unipro-admin-template/demos/03-design-green/fonts/rubik-mono/RubikMonoOne-Regular.html]
[www.bootstrapget.com/demos/themeforest/unipro-admin-template/demos/03-design-green/img/login-bg.html]
[www.bootstrapget.com/demos/themeforest/unipro-admin-template/demos/03-design-green/img/shade.html]
[www.bootstrapget.com/demos/themeforest/unipro-admin-template/demos/03-design-green/img/pattern.html]
[www.bootstrapget.com/demos/themeforest/unipro-admin-template/demos/03-design-green/img/dashed-circles-dark.html]
[www.bootstrapget.com/demos/themeforest/unipro-admin-template/demos/03-design-green/img/consulting.html]
[www.bootstrapget.com/demos/themeforest/unipro-admin-template/demos/03-design-green/img/lines-bg.html]
[www.bootstrapget.com/demos/themeforest/unipro-admin-template/demos/03-design-green/img/consulting2.html]
[www.bootstrapget.com/demos/themeforest/unipro-admin-template/demos/03-design-green/img/lines-bg2.html]
[www.bootstrapget.com/demos/themeforest/unipro-admin-template/demos/03-design-green/img/error-screen/stars.html]
[www.bootstrapget.com/demos/themeforest/unipro-admin-template/demos/03-design-green/img/icon-search.html]
[www.bootstrapget.com/demos/themeforest/unipro-admin-template/demos/03-design-green/img/cancel.html]
[www.bootstrapget.com/demos/themeforest/unipro-admin-template/demos/03-design-green/img/food/pizza.html]
[www.bootstrapget.com/demos/themeforest/unipro-admin-template/demos/03-design-green/img/food/donut.html]
[www.bootstrapget.com/demos/themeforest/unipro-admin-template/demos/03-design-green/img/food/biscuit.html]
[www.bootstrapget.com/demos/themeforest/unipro-admin-template/demos/03-design-green/img/food/ice-cream.html]
[www.bootstrapget.com/demos/themeforest/unipro-admin-template/demos/03-design-green/img/food/cupcake.html]
[www.bootstrapget.com/demos/themeforest/unipro-admin-template/demos/03-design-green/img/food/tea-cup.html]
[www.bootstrapget.com/demos/themeforest/unipro-admin-template/demos/03-design-green/img/user8.html]
[www.bootstrapget.com/demos/themeforest/unipro-admin-template/demos/03-design-green/img/user22.html]
[www.bootstrapget.com/demos/themeforest/unipro-admin-template/demos/03-design-green/img/user20.html]
[www.bootstrapget.com/demos/themeforest/unipro-admin-template/demos/03-design-green/img/user2.html]
[www.bootstrapget.com/demos/themeforest/unipro-admin-template/demos/03-design-green/img/user3.html]
[www.bootstrapget.com/demos/themeforest/unipro-admin-template/demos/03-design-green/vendor/daterange/daterange.html]
[www.bootstrapget.com/demos/themeforest/unipro-admin-template/demos/03-design-green/vendor/daterange/custom-daterange.html]
[www.bootstrapget.com/demos/themeforest/unipro-admin-template/demos/03-design-green/vendor/rating/raty.html]
[www.bootstrapget.com/demos/themeforest/unipro-admin-template/demos/03-design-green/vendor/rating/raty-custom.html]
[www.bootstrapget.com/demos/themeforest/unipro-admin-template/demos/03-design-green/vendor/apex/custom/analytics/ordersGraph.html]
[www.bootstrapget.com/demos/themeforest/unipro-admin-template/demos/03-design-green/vendor/apex/custom/analytics/targets.html]
[www.bootstrapget.com/demos/themeforest/unipro-admin-template/demos/03-design-green/vendor/apex/custom/analytics/byChannelGraph.html]
[www.bootstrapget.com/demos/themeforest/unipro-admin-template/demos/03-design-green/vendor/apex/custom/analytics/byCountryGraph.html]
[www.bootstrapget.com/demos/themeforest/unipro-admin-template/demos/03-design-green/vendor/apex/custom/analytics/byDeviceGraph.html]
[www.bootstrapget.com/demos/themeforest/unipro-admin-template/demos/03-design-green/vendor/datatables/dataTables.bs4.html]
[www.bootstrapget.com/demos/themeforest/unipro-admin-template/demos/03-design-green/vendor/datatables/dataTables.bs4-custom.html]
[www.bootstrapget.com/demos/themeforest/unipro-admin-template/demos/03-design-green/img/products/ring.html]
[www.bootstrapget.com/demos/themeforest/unipro-admin-template/demos/03-design-green/img/products/shirt.html]
[www.bootstrapget.com/demos/themeforest/unipro-admin-template/demos/03-design-green/img/products/shoes.html]
[www.bootstrapget.com/demos/themeforest/unipro-admin-template/demos/03-design-green/img/user12.html]
[www.bootstrapget.com/demos/themeforest/unipro-admin-template/demos/03-design-green/vendor/apex/custom/sales/revenue.html]
[www.bootstrapget.com/demos/themeforest/unipro-admin-template/demos/03-design-green/vendor/apex/custom/sales/tickets.html]
[www.bootstrapget.com/demos/themeforest/unipro-admin-template/demos/03-design-green/vendor/datatables/dataTables.min.html]
[www.bootstrapget.com/demos/themeforest/unipro-admin-template/demos/03-design-green/vendor/datatables/dataTables.bootstrap.min.html]
[www.bootstrapget.com/demos/themeforest/unipro-admin-template/demos/03-design-green/vendor/datatables/custom/custom-datatables.html]
[www.bootstrapget.com/demos/themeforest/unipro-admin-template/demos/03-design-green/img/stock/img5.html]
[www.bootstrapget.com/demos/themeforest/unipro-admin-template/demos/03-design-green/img/stock/img2.html]
[www.bootstrapget.com/demos/themeforest/unipro-admin-template/demos/03-design-green/img/stock/img6.html]
[www.bootstrapget.com/demos/themeforest/unipro-admin-template/demos/03-design-green/img/stock/img4.html]
[www.bootstrapget.com/demos/themeforest/unipro-admin-template/demos/03-design-green/img/stock/img7.html]
[www.bootstrapget.com/demos/themeforest/unipro-admin-template/demos/03-design-green/img/stock/img3.html]
[www.bootstrapget.com/demos/themeforest/unipro-admin-template/demos/03-design-green/img/stock/img1.html]
[www.bootstrapget.com/demos/themeforest/unipro-admin-template/demos/03-design-green/img/stock/img10.html]
[www.bootstrapget.com/demos/themeforest/unipro-admin-template/demos/03-design-green/img/stock/img9.html]
[www.bootstrapget.com/demos/themeforest/unipro-admin-template/demos/03-design-green/img/user24.html]
[www.bootstrapget.com/demos/themeforest/unipro-admin-template/demos/03-design-green/vendor/apex/custom/crm/sparkline-graphs.html]
[www.bootstrapget.com/demos/themeforest/unipro-admin-template/demos/03-design-green/vendor/apex/custom/crm/sales.html]
[www.bootstrapget.com/demos/themeforest/unipro-admin-template/demos/03-design-green/img/stock/img11.html]
[www.bootstrapget.com/demos/themeforest/unipro-admin-template/demos/03-design-green/img/stock/img13.html]
[www.bootstrapget.com/demos/themeforest/unipro-admin-template/demos/03-design-green/img/stock/img14.html]
[www.bootstrapget.com/demos/themeforest/unipro-admin-template/demos/03-design-green/img/svg/customer.html]
[www.bootstrapget.com/demos/themeforest/unipro-admin-template/demos/03-design-green/img/svg/box.html]
[www.bootstrapget.com/demos/themeforest/unipro-admin-template/demos/03-design-green/img/svg/income.html]
[www.bootstrapget.com/demos/themeforest/unipro-admin-template/demos/03-design-green/img/svg/commisions.html]
[www.bootstrapget.com/demos/themeforest/unipro-admin-template/demos/03-design-green/img/followers.html]
[www.bootstrapget.com/demos/themeforest/unipro-admin-template/demos/03-design-green/vendor/apex/custom/reports/sales.html]
[www.bootstrapget.com/demos/themeforest/unipro-admin-template/demos/03-design-green/vendor/apex/custom/reports/sales2.html]
[www.bootstrapget.com/demos/themeforest/unipro-admin-template/demos/03-design-green/vendor/apex/custom/reports/revenue.html]
[www.bootstrapget.com/demos/themeforest/unipro-admin-template/demos/03-design-green/vendor/apex/custom/reports/orders.html]
[www.bootstrapget.com/demos/themeforest/unipro-admin-template/demos/03-design-green/vendor/apex/custom/reports/sparkline.html]
[www.bootstrapget.com/demos/themeforest/unipro-admin-template/demos/03-design-green/vendor/daterange/daterange-2.html]
[www.bootstrapget.com/demos/themeforest/unipro-admin-template/demos/03-design-green/img/trophy.html]
[www.bootstrapget.com/demos/themeforest/unipro-admin-template/demos/03-design-green/img/user18.html]
[www.bootstrapget.com/demos/themeforest/unipro-admin-template/demos/03-design-green/vendor/apex/custom/saas/sales.html]
[www.bootstrapget.com/demos/themeforest/unipro-admin-template/demos/03-design-green/vendor/apex/custom/saas/revenue.html]
[www.bootstrapget.com/demos/themeforest/unipro-admin-template/demos/03-design-green/vendor/bs-select/bs-select.html]
[www.bootstrapget.com/demos/themeforest/unipro-admin-template/demos/03-design-green/vendor/calendar/css/main.min.html]
[www.bootstrapget.com/demos/themeforest/unipro-admin-template/demos/03-design-green/vendor/calendar/css/custom.html]
[www.bootstrapget.com/demos/themeforest/unipro-admin-template/demos/03-design-green/vendor/bs-select/bs-select.min.html]
[www.bootstrapget.com/demos/themeforest/unipro-admin-template/demos/03-design-green/vendor/bs-select/bs-select-custom.html]
[www.bootstrapget.com/demos/themeforest/unipro-admin-template/demos/03-design-green/vendor/calendar/js/main.min.html]
[www.bootstrapget.com/demos/themeforest/unipro-admin-template/demos/03-design-green/vendor/calendar/custom/custom-schedule-calendar.html]
[www.bootstrapget.com/demos/themeforest/unipro-admin-template/demos/03-design-green/img/user1.html]
[www.bootstrapget.com/demos/themeforest/unipro-admin-template/demos/03-design-green/img/user7.html]
[www.bootstrapget.com/demos/themeforest/unipro-admin-template/demos/03-design-green/vendor/apex/custom/profile/revenue.html]
[www.bootstrapget.com/demos/themeforest/unipro-admin-template/demos/03-design-green/img/logo-large.html]
[www.bootstrapget.com/demos/themeforest/unipro-admin-template/demos/03-design-green/img/logo-compact.html]
[www.bootstrapget.com/demos/themeforest/unipro-admin-template/demos/03-design-green/hover-tabs.html]
[www.bootstrapget.com/demos/themeforest/unipro-admin-template/demos/03-design-green/img/hover-on-tabs.html]
[www.bootstrapget.com/demos/themeforest/unipro-admin-template/demos/03-design-green/vendor/datatables/buttons.bs.html]
[www.bootstrapget.com/demos/themeforest/unipro-admin-template/demos/03-design-green/vendor/datatables/buttons.min.html]
[www.bootstrapget.com/demos/themeforest/unipro-admin-template/demos/03-design-green/vendor/datatables/jszip.min.html]
[www.bootstrapget.com/demos/themeforest/unipro-admin-template/demos/03-design-green/vendor/datatables/pdfmake.min.html]
[www.bootstrapget.com/demos/themeforest/unipro-admin-template/demos/03-design-green/vendor/datatables/vfs_fonts.html]
[www.bootstrapget.com/demos/themeforest/unipro-admin-template/demos/03-design-green/vendor/datatables/html5.min.html]
[www.bootstrapget.com/demos/themeforest/unipro-admin-template/demos/03-design-green/vendor/datatables/buttons.print.min.html]
[www.bootstrapget.com/demos/themeforest/unipro-admin-template/demos/03-design-green/img/user-2.html]
[www.bootstrapget.com/demos/themeforest/unipro-admin-template/demos/03-design-green/img/user9.html]
[www.bootstrapget.com/demos/themeforest/unipro-admin-template/demos/03-design-green/img/user23.html]
[www.bootstrapget.com/demos/themeforest/unipro-admin-template/demos/03-design-green/img/user14.html]
[www.bootstrapget.com/demos/themeforest/unipro-admin-template/demos/03-design-green/img/user19.html]
[www.bootstrapget.com/demos/themeforest/unipro-admin-template/demos/03-design-green/vendor/wizard/jquery.steps.html]
[www.bootstrapget.com/demos/themeforest/unipro-admin-template/demos/03-design-green/vendor/summernote/summernote-bs4.html]
[www.bootstrapget.com/demos/themeforest/unipro-admin-template/demos/03-design-green/vendor/dropzone/dropzone.min.html]
[www.bootstrapget.com/demos/themeforest/unipro-admin-template/demos/03-design-green/vendor/input-tags/tagsinput.html]
[www.bootstrapget.com/demos/themeforest/unipro-admin-template/demos/03-design-green/vendor/wizard/jquery.steps.min.html]
[www.bootstrapget.com/demos/themeforest/unipro-admin-template/demos/03-design-green/vendor/wizard/jquery.steps.custom.html]
[www.bootstrapget.com/demos/themeforest/unipro-admin-template/demos/03-design-green/vendor/summernote/summernote-bs4-2.html]
[www.bootstrapget.com/demos/themeforest/unipro-admin-template/demos/03-design-green/vendor/dropzone/dropzone.min-2.html]
[www.bootstrapget.com/demos/themeforest/unipro-admin-template/demos/03-design-green/vendor/input-tags/tagsinput.min.html]
[www.bootstrapget.com/demos/themeforest/unipro-admin-template/demos/03-design-green/vendor/input-tags/typeahead.html]
[www.bootstrapget.com/demos/themeforest/unipro-admin-template/demos/03-design-green/vendor/input-tags/tagsinput-custom.html]
[www.bootstrapget.com/demos/themeforest/unipro-admin-template/demos/03-design-green/img/flags/1x1/br.html]
[www.bootstrapget.com/demos/themeforest/unipro-admin-template/demos/03-design-green/img/flags/1x1/ni.html]
[www.bootstrapget.com/demos/themeforest/unipro-admin-template/demos/03-design-green/img/flags/1x1/za.html]
[www.bootstrapget.com/demos/themeforest/unipro-admin-template/demos/03-design-green/img/flags/1x1/eu.html]
[www.bootstrapget.com/demos/themeforest/unipro-admin-template/demos/03-design-green/img/flags/1x1/bv.html]
[www.bootstrapget.com/demos/themeforest/unipro-admin-template/demos/03-design-green/img/flags/1x1/se.html]
[www.bootstrapget.com/demos/themeforest/unipro-admin-template/demos/03-design-green/img/user16.html]
[www.bootstrapget.com/demos/themeforest/unipro-admin-template/demos/03-design-green/img/flags/1x1/in.html]
[www.bootstrapget.com/demos/themeforest/unipro-admin-template/demos/03-design-green/img/user13.html]
[www.bootstrapget.com/demos/themeforest/unipro-admin-template/demos/03-design-green/img/flags/1x1/hn.html]
[www.bootstrapget.com/demos/themeforest/unipro-admin-template/demos/03-design-green/img/flags/1x1/au.html]
[www.bootstrapget.com/demos/themeforest/unipro-admin-template/demos/03-design-green/img/flags/1x1/ca.html]
[www.bootstrapget.com/demos/themeforest/unipro-admin-template/demos/03-design-green/img/user4.html]
[www.bootstrapget.com/demos/themeforest/unipro-admin-template/demos/03-design-green/img/flags/1x1/cw.html]
[www.bootstrapget.com/demos/themeforest/unipro-admin-template/demos/03-design-green/vendor/calendar/custom/daygrid-calendar.html]
[www.bootstrapget.com/demos/themeforest/unipro-admin-template/demos/03-design-green/vendor/calendar/custom/list-view-calendar.html]
[www.bootstrapget.com/demos/themeforest/unipro-admin-template/demos/03-design-green/vendor/calendar/custom/draggable-calendar.html]
[www.bootstrapget.com/demos/themeforest/unipro-admin-template/demos/03-design-green/vendor/calendar/custom/google-view-calendar.html]
[www.bootstrapget.com/demos/themeforest/unipro-admin-template/demos/03-design-green/vendor/calendar/custom/selectable-calendar.html]
[www.bootstrapget.com/demos/themeforest/unipro-admin-template/demos/03-design-green/img/empty-chat-display.html]
[www.bootstrapget.com/demos/themeforest/unipro-admin-template/demos/03-design-green/img/folder.html]
[www.bootstrapget.com/demos/themeforest/unipro-admin-template/demos/03-design-green/img/docs/zip.html]
[www.bootstrapget.com/demos/themeforest/unipro-admin-template/demos/03-design-green/img/docs/pdf.html]
[www.bootstrapget.com/demos/themeforest/unipro-admin-template/demos/03-design-green/img/docs/doc.html]
[www.bootstrapget.com/demos/themeforest/unipro-admin-template/demos/03-design-green/img/docs/xls.html]
[www.bootstrapget.com/demos/themeforest/unipro-admin-template/demos/03-design-green/img/docs/ppt.html]
[www.bootstrapget.com/demos/themeforest/unipro-admin-template/demos/03-design-green/img/user17.html]
[www.bootstrapget.com/demos/themeforest/unipro-admin-template/demos/03-design-green/img/realestate/img1.html]
[www.bootstrapget.com/demos/themeforest/unipro-admin-template/demos/03-design-green/img/realestate/img8.html]
[www.bootstrapget.com/demos/themeforest/unipro-admin-template/demos/03-design-green/img/realestate/img9.html]
[www.bootstrapget.com/demos/themeforest/unipro-admin-template/demos/03-design-green/img/realestate/img10.html]
[www.bootstrapget.com/demos/themeforest/unipro-admin-template/demos/03-design-green/img/realestate/img11.html]
[www.bootstrapget.com/demos/themeforest/unipro-admin-template/demos/03-design-green/img/realestate/img5.html]
[www.bootstrapget.com/demos/themeforest/unipro-admin-template/demos/03-design-green/img/realestate/img2.html]
[www.bootstrapget.com/demos/themeforest/unipro-admin-template/demos/03-design-green/img/realestate/img3.html]
[www.bootstrapget.com/demos/themeforest/unipro-admin-template/demos/03-design-green/img/realestate/img4.html]
[www.bootstrapget.com/demos/themeforest/unipro-admin-template/demos/03-design-green/img/realestate/img6.html]
[www.bootstrapget.com/demos/themeforest/unipro-admin-template/demos/03-design-green/img/realestate/img7.html]
[www.bootstrapget.com/demos/themeforest/unipro-admin-template/demos/03-design-green/img/realestate/img12.html]
[www.bootstrapget.com/demos/themeforest/unipro-admin-template/demos/03-design-green/vendor/gallery/gallery.html]
[www.bootstrapget.com/demos/themeforest/unipro-admin-template/demos/03-design-green/img/stock/img8.html]
[www.bootstrapget.com/demos/themeforest/unipro-admin-template/demos/03-design-green/img/stock/img12.html]
[www.bootstrapget.com/demos/themeforest/unipro-admin-template/demos/03-design-green/vendor/gallery/baguetteBox.html]
[www.bootstrapget.com/demos/themeforest/unipro-admin-template/demos/03-design-green/vendor/gallery/plugins.html]
[www.bootstrapget.com/demos/themeforest/unipro-admin-template/demos/03-design-green/vendor/gallery/custom-gallery.html]
[www.bootstrapget.com/demos/themeforest/unipro-admin-template/demos/03-design-green/vendor/input-masks/cleave.min.html]
[www.bootstrapget.com/demos/themeforest/unipro-admin-template/demos/03-design-green/vendor/input-masks/cleave-phone.html]
[www.bootstrapget.com/demos/themeforest/unipro-admin-template/demos/03-design-green/vendor/input-masks/cleave-custom.html]
[www.bootstrapget.com/demos/themeforest/unipro-admin-template/demos/03-design-green/vendor/datatables/custom/fixedHeader.js]
